../Core/Src/fram.c:34:6:HAL_SPI_TxCpltCallback	16	static
../Core/Src/fram.c:57:6:HAL_SPI_RxCpltCallback	16	static
../Core/Src/fram.c:88:6:HAL_SPI_ErrorCallback	16	static
../Core/Src/fram.c:92:6:FRAM_ID	8	static
../Core/Src/fram.c:101:6:FRAM_enablewrite	8	static
../Core/Src/fram.c:109:6:FRAM_StatusRegister	8	static
../Core/Src/fram.c:115:6:FRAM_resetWrite	16	static
../Core/Src/fram.c:129:6:FRAM_Write	24	static
../Core/Src/fram.c:149:6:FRAM_Read_Command	24	static
../Core/Src/fram.c:162:6:FRAM_Read	16	static
