../Core/Src/fram.c:35:6:HAL_SPI_TxCpltCallback	16	static
../Core/Src/fram.c:58:6:HAL_SPI_RxCpltCallback	16	static
../Core/Src/fram.c:107:6:HAL_SPI_ErrorCallback	16	static
../Core/Src/fram.c:111:6:FRAM_ID	8	static
../Core/Src/fram.c:120:6:FRAM_enablewrite	8	static
../Core/Src/fram.c:128:6:FRAM_StatusRegister	8	static
../Core/Src/fram.c:134:6:FRAM_resetWrite	16	static
../Core/Src/fram.c:148:6:FRAM_Write	24	static
../Core/Src/fram.c:168:6:FRAM_Read_Command	24	static
../Core/Src/fram.c:181:6:FRAM_Read	16	static
